#-----------------------------------------------------------
# Vivado v2025.2 (64-bit)
# SW Build 6299465 on Fri Nov 14 19:35:11 GMT 2025
# IP Build 6300035 on Fri Nov 14 10:48:45 MST 2025
# SharedData Build 6298862 on Thu Nov 13 04:50:51 MST 2025
# Start of session at: Sat Jun  6 10:52:39 2026
# Process ID         : 14664
# Current directory  : C:/Users/adity/Single_cycle_cpu/Single_Cycle_Processor.runs/impl_1
# Command line       : vivado.exe -log CPU_Single_Cycle.vdi -applog -product Vivado -messageDb vivado.pb -mode batch -source CPU_Single_Cycle.tcl -notrace
# Log file           : C:/Users/adity/Single_cycle_cpu/Single_Cycle_Processor.runs/impl_1/CPU_Single_Cycle.vdi
# Journal file       : C:/Users/adity/Single_cycle_cpu/Single_Cycle_Processor.runs/impl_1\vivado.jou
# Running On         : KRUSHNA
# Platform           : Windows Server 2016 or Windows 10
# Operating System   : 26200
# Processor Detail   : 13th Gen Intel(R) Core(TM) i3-1315U
# CPU Frequency      : 2496 MHz
# CPU Physical cores : 6
# CPU Logical cores  : 8
# Host memory        : 8216 MB
# Swap memory        : 16834 MB
# Total Virtual      : 25050 MB
# Available Virtual  : 9465 MB
#-----------------------------------------------------------
source CPU_Single_Cycle.tcl -notrace
